
> taskflow-backend@1.0.0 test
> jest

node.exe : PASS 
src/lists/lists.service.spec.ts (17.471 s)
At C:\Program Files\nodejs\npm.ps1:29 
char:3
+   & $NODE_EXE $NPM_CLI_JS $args
+   ~~~~~~~~~~~~~~~~~~~~~~~~~~~~~
    + CategoryInfo          : NotSpecified 
   : (PASS src/lists/...c.ts (17.471 s):S  
  tring) [], RemoteException
    + FullyQualifiedErrorId : NativeComman 
   dError
 
PASS src/events/events.gateway.spec.ts 
(17.533 s)
PASS src/tasks/tasks.service.spec.ts 
(17.715 s)
PASS src/auth/auth.service.spec.ts (17.926 
s)
PASS src/activity/activity.service.spec.ts 
(18.364 s)
FAIL src/boards/boards.service.spec.ts
  ΓùÅ Test suite failed to run

    [96msrc/boards/boards.service.spec.ts
[0m:[93m66[0m:[93m20[0m - 
[91merror[0m[90m TS18047: [0m'result' 
is possibly 'null'.

    [7m66[0m             
expect(result.title).toBe('Test Board');
    [7m  [0m [91m                   
~~~~~~[0m

Test Suites: 1 failed, 5 passed, 6 total
Tests:       43 passed, 43 total
Snapshots:   0 total
Time:        22.229 s, estimated 27 s
Ran all test suites.
